[[1;34mINFO[m] Scanning for projects...
[[1;34mINFO[m] 
[[1;34mINFO[m] [1m----------------------------< [0;36mcom.lite:gw[0;1m >-----------------------------[m
[[1;34mINFO[m] [1mBuilding  0.0.1-SNAPSHOT[m
[[1;34mINFO[m] [1m--------------------------------[ jar ]---------------------------------[m
[[1;34mINFO[m] 
[[1;34mINFO[m] [1m>>> [0;32mspring-boot-maven-plugin:3.5.13:run[m [1m(default-cli)[0;1m > [0;1mtest-compile[m @ [36mgw[0;1m >>>[m
[[1;34mINFO[m] 
[[1;34mINFO[m] [1m--- [0;32mmaven-resources-plugin:3.3.1:resources[m [1m(default-resources)[m @ [36mgw[0;1m ---[m
[[1;34mINFO[m] Copying 1 resource from src/main/resources to target/classes
[[1;34mINFO[m] Copying 0 resource from src/main/resources to target/classes
[[1;34mINFO[m] 
[[1;34mINFO[m] [1m--- [0;32mmaven-compiler-plugin:3.14.1:compile[m [1m(default-compile)[m @ [36mgw[0;1m ---[m
[[1;34mINFO[m] Recompiling the module because of [1madded or removed source files[m.
[[1;34mINFO[m] Compiling 2 source files with javac [debug parameters release 21] to target/classes
[[1;34mINFO[m] 
[[1;34mINFO[m] [1m--- [0;32mmaven-resources-plugin:3.3.1:testResources[m [1m(default-testResources)[m @ [36mgw[0;1m ---[m
[[1;34mINFO[m] skip non existing resourceDirectory /data/personal/trabajos/litethinking/cursos/curso spring (cap3y4)/repos/app-master-java-sp/gw/src/test/resources
[[1;34mINFO[m] 
[[1;34mINFO[m] [1m--- [0;32mmaven-compiler-plugin:3.14.1:testCompile[m [1m(default-testCompile)[m @ [36mgw[0;1m ---[m
[[1;34mINFO[m] Recompiling the module because of [1mchanged dependency[m.
[[1;34mINFO[m] Compiling 1 source file with javac [debug parameters release 21] to target/test-classes
[[1;34mINFO[m] 
[[1;34mINFO[m] [1m<<< [0;32mspring-boot-maven-plugin:3.5.13:run[m [1m(default-cli)[0;1m < [0;1mtest-compile[m @ [36mgw[0;1m <<<[m
[[1;34mINFO[m] 
[[1;34mINFO[m] 
[[1;34mINFO[m] [1m--- [0;32mspring-boot-maven-plugin:3.5.13:run[m [1m(default-cli)[m @ [36mgw[0;1m ---[m
[[1;34mINFO[m] Attaching agents: []

  .   ____          _            __ _ _
 /\\ / ___'_ __ _ _(_)_ __  __ _ \ \ \ \
( ( )\___ | '_ | '_| | '_ \/ _` | \ \ \ \
 \\/  ___)| |_)| | | | | || (_| |  ) ) ) )
  '  |____| .__|_| |_|_| |_\__, | / / / /
 =========|_|==============|___/=/_/_/_/

 :: Spring Boot ::               (v3.5.13)

2026-04-14T20:38:36.746-05:00  INFO 246089 --- [gw] [           main] com.lite.gw.GwApplication                : Starting GwApplication using Java 21.0.10 with PID 246089 (/data/personal/trabajos/litethinking/cursos/curso spring (cap3y4)/repos/app-master-java-sp/gw/target/classes started by alecasti in /data/personal/trabajos/litethinking/cursos/curso spring (cap3y4)/repos/app-master-java-sp/gw)
2026-04-14T20:38:36.749-05:00  INFO 246089 --- [gw] [           main] com.lite.gw.GwApplication                : No active profile set, falling back to 1 default profile: "default"
2026-04-14T20:38:38.001-05:00  INFO 246089 --- [gw] [           main] o.s.cloud.context.scope.GenericScope     : BeanFactory id=6feb1df0-5263-36d8-bfcc-54bdc07c228b
2026-04-14T20:38:38.284-05:00  INFO 246089 --- [gw] [           main] o.s.b.w.embedded.tomcat.TomcatWebServer  : Tomcat initialized with port 9090 (http)
2026-04-14T20:38:38.297-05:00  INFO 246089 --- [gw] [           main] o.apache.catalina.core.StandardService   : Starting service [Tomcat]
2026-04-14T20:38:38.297-05:00  INFO 246089 --- [gw] [           main] o.apache.catalina.core.StandardEngine    : Starting Servlet engine: [Apache Tomcat/10.1.53]
2026-04-14T20:38:38.341-05:00  INFO 246089 --- [gw] [           main] o.a.c.c.C.[Tomcat].[localhost].[/]       : Initializing Spring embedded WebApplicationContext
2026-04-14T20:38:38.342-05:00  INFO 246089 --- [gw] [           main] w.s.c.ServletWebServerApplicationContext : Root WebApplicationContext: initialization completed in 1383 ms
2026-04-14T20:38:38.564-05:00 DEBUG 246089 --- [gw] [           main] o.s.w.f.ServerHttpObservationFilter      : Filter 'webMvcObservationFilter' configured for use
2026-04-14T20:38:38.786-05:00 DEBUG 246089 --- [gw] [           main] s.w.s.m.m.a.RequestMappingHandlerMapping : 2 mappings in 'requestMappingHandlerMapping'
2026-04-14T20:38:38.897-05:00 DEBUG 246089 --- [gw] [           main] .s.c.g.s.m.c.RouterFunctionHolderFactory : Yaml Properties matched Operations name: path, args: {patterns=/v1/facturas/**}, params: [patterns of type [Ljava.lang.String;]
2026-04-14T20:38:38.908-05:00 DEBUG 246089 --- [gw] [           main] .s.c.g.s.m.c.RouterFunctionHolderFactory : Yaml Properties matched Operations name: stripPrefix, args: {parts=0}, params: [parts of type int]
2026-04-14T20:38:38.914-05:00 DEBUG 246089 --- [gw] [           main] .s.c.g.s.m.c.RouterFunctionHolderFactory : Yaml Properties matched Operations name: path, args: {patterns=/v1/clientes/**}, params: [patterns of type [Ljava.lang.String;]
2026-04-14T20:38:38.915-05:00 DEBUG 246089 --- [gw] [           main] .s.c.g.s.m.c.RouterFunctionHolderFactory : Yaml Properties matched Operations name: stripPrefix, args: {parts=0}, params: [parts of type int]
2026-04-14T20:38:38.921-05:00 DEBUG 246089 --- [gw] [           main] o.s.w.s.f.support.RouterFunctionMapping  : 1 RouterFunction(s) in 'routerFunctionMapping'
2026-04-14T20:38:38.939-05:00 DEBUG 246089 --- [gw] [           main] o.s.w.s.handler.SimpleUrlHandlerMapping  : Patterns [/webjars/**, /**] in 'resourceHandlerMapping'
2026-04-14T20:38:39.080-05:00  INFO 246089 --- [gw] [           main] o.s.b.a.e.web.EndpointLinksResolver      : Exposing 2 endpoints beneath base path '/actuator'
2026-04-14T20:38:39.374-05:00  INFO 246089 --- [gw] [           main] r$InitializeUserDetailsManagerConfigurer : Global AuthenticationManager configured with UserDetailsService bean with name userDetailsService
2026-04-14T20:38:39.540-05:00 DEBUG 246089 --- [gw] [           main] o.s.s.web.DefaultSecurityFilterChain     : Will secure any request with filters: DisableEncodeUrlFilter, WebAsyncManagerIntegrationFilter, SecurityContextHolderFilter, HeaderWriterFilter, LogoutFilter, BasicAuthenticationFilter, RequestCacheAwareFilter, SecurityContextHolderAwareRequestFilter, AnonymousAuthenticationFilter, ExceptionTranslationFilter, AuthorizationFilter
2026-04-14T20:38:39.715-05:00 DEBUG 246089 --- [gw] [           main] s.w.s.m.m.a.RequestMappingHandlerAdapter : ControllerAdvice beans: 0 @ModelAttribute, 0 @InitBinder, 1 RequestBodyAdvice, 1 ResponseBodyAdvice
2026-04-14T20:38:39.785-05:00 DEBUG 246089 --- [gw] [           main] .m.m.a.ExceptionHandlerExceptionResolver : ControllerAdvice beans: 0 @ExceptionHandler, 1 ResponseBodyAdvice
2026-04-14T20:38:40.298-05:00  INFO 246089 --- [gw] [           main] o.s.b.w.embedded.tomcat.TomcatWebServer  : Tomcat started on port 9090 (http) with context path '/'
2026-04-14T20:38:40.327-05:00  INFO 246089 --- [gw] [           main] com.lite.gw.GwApplication                : Started GwApplication in 4.139 seconds (process running for 4.712)
2026-04-14T20:39:14.866-05:00  INFO 246089 --- [gw] [nio-9090-exec-1] o.a.c.c.C.[Tomcat].[localhost].[/]       : Initializing Spring DispatcherServlet 'dispatcherServlet'
2026-04-14T20:39:14.867-05:00  INFO 246089 --- [gw] [nio-9090-exec-1] o.s.web.servlet.DispatcherServlet        : Initializing Servlet 'dispatcherServlet'
2026-04-14T20:39:14.867-05:00 DEBUG 246089 --- [gw] [nio-9090-exec-1] o.s.web.servlet.DispatcherServlet        : Detected AcceptHeaderLocaleResolver
2026-04-14T20:39:14.867-05:00 DEBUG 246089 --- [gw] [nio-9090-exec-1] o.s.web.servlet.DispatcherServlet        : Detected FixedThemeResolver
2026-04-14T20:39:14.870-05:00 DEBUG 246089 --- [gw] [nio-9090-exec-1] o.s.web.servlet.DispatcherServlet        : Detected org.springframework.web.servlet.view.DefaultRequestToViewNameTranslator@34aa6b05
2026-04-14T20:39:14.871-05:00 DEBUG 246089 --- [gw] [nio-9090-exec-1] o.s.web.servlet.DispatcherServlet        : Detected org.springframework.web.servlet.support.SessionFlashMapManager@611a23cc
2026-04-14T20:39:14.871-05:00 DEBUG 246089 --- [gw] [nio-9090-exec-1] o.s.web.servlet.DispatcherServlet        : enableLoggingRequestDetails='false': request parameters and headers will be masked to prevent unsafe logging of potentially sensitive data
2026-04-14T20:39:14.872-05:00  INFO 246089 --- [gw] [nio-9090-exec-1] o.s.web.servlet.DispatcherServlet        : Completed initialization in 4 ms
2026-04-14T20:39:14.914-05:00 DEBUG 246089 --- [gw] [nio-9090-exec-1] o.s.security.web.FilterChainProxy        : Securing GET /v1/facturas
2026-04-14T20:39:14.931-05:00 DEBUG 246089 --- [gw] [nio-9090-exec-1] o.s.s.w.a.AnonymousAuthenticationFilter  : Set SecurityContextHolder to anonymous SecurityContext
2026-04-14T20:39:14.954-05:00 DEBUG 246089 --- [gw] [nio-9090-exec-1] o.s.s.w.s.HttpSessionRequestCache        : Saved request http://localhost:9090/v1/facturas?continue to session
2026-04-14T20:39:14.954-05:00 DEBUG 246089 --- [gw] [nio-9090-exec-1] s.w.a.DelegatingAuthenticationEntryPoint : Trying to match using RequestHeaderRequestMatcher [expectedHeaderName=X-Requested-With, expectedHeaderValue=XMLHttpRequest]
2026-04-14T20:39:14.954-05:00 DEBUG 246089 --- [gw] [nio-9090-exec-1] s.w.a.DelegatingAuthenticationEntryPoint : No match found. Using default entry point org.springframework.security.web.authentication.www.BasicAuthenticationEntryPoint@1f783c25
2026-04-14T20:39:14.964-05:00 DEBUG 246089 --- [gw] [nio-9090-exec-1] o.s.security.web.FilterChainProxy        : Securing GET /error
2026-04-14T20:39:14.965-05:00 DEBUG 246089 --- [gw] [nio-9090-exec-1] o.s.s.w.a.AnonymousAuthenticationFilter  : Set SecurityContextHolder to anonymous SecurityContext
2026-04-14T20:39:14.967-05:00 DEBUG 246089 --- [gw] [nio-9090-exec-1] o.s.s.w.s.HttpSessionRequestCache        : Saved request http://localhost:9090/error?continue to session
2026-04-14T20:39:14.967-05:00 DEBUG 246089 --- [gw] [nio-9090-exec-1] s.w.a.DelegatingAuthenticationEntryPoint : Trying to match using RequestHeaderRequestMatcher [expectedHeaderName=X-Requested-With, expectedHeaderValue=XMLHttpRequest]
2026-04-14T20:39:14.967-05:00 DEBUG 246089 --- [gw] [nio-9090-exec-1] s.w.a.DelegatingAuthenticationEntryPoint : No match found. Using default entry point org.springframework.security.web.authentication.www.BasicAuthenticationEntryPoint@1f783c25
2026-04-14T20:39:24.645-05:00 DEBUG 246089 --- [gw] [nio-9090-exec-2] o.s.security.web.FilterChainProxy        : Securing GET /v1/facturas
2026-04-14T20:39:24.895-05:00 DEBUG 246089 --- [gw] [nio-9090-exec-2] o.s.s.a.dao.DaoAuthenticationProvider    : Authenticated user
2026-04-14T20:39:24.898-05:00 DEBUG 246089 --- [gw] [nio-9090-exec-2] o.s.s.w.a.www.BasicAuthenticationFilter  : Set SecurityContextHolder to UsernamePasswordAuthenticationToken [Principal=org.springframework.security.core.userdetails.User [Username=admin, Password=[PROTECTED], Enabled=true, AccountNonExpired=true, CredentialsNonExpired=true, AccountNonLocked=true, Granted Authorities=[ROLE_ADMIN]], Credentials=[PROTECTED], Authenticated=true, Details=WebAuthenticationDetails [RemoteIpAddress=0:0:0:0:0:0:0:1, SessionId=null], Granted Authorities=[ROLE_ADMIN]]
2026-04-14T20:39:24.902-05:00 DEBUG 246089 --- [gw] [nio-9090-exec-2] o.s.security.web.FilterChainProxy        : Secured GET /v1/facturas
2026-04-14T20:39:24.906-05:00 DEBUG 246089 --- [gw] [nio-9090-exec-2] o.s.web.servlet.DispatcherServlet        : GET "/v1/facturas", parameters={}
2026-04-14T20:39:24.909-05:00 DEBUG 246089 --- [gw] [nio-9090-exec-2] o.s.w.s.f.support.RouterFunctionMapping  : Mapped to org.springframework.web.servlet.function.HandlerFilterFunction$$Lambda/0x00007cfe1866c800@7c54f3d4
2026-04-14T20:39:25.021-05:00 DEBUG 246089 --- [gw] [nio-9090-exec-2] o.s.web.servlet.DispatcherServlet        : Completed 200 OK
2026-04-14T20:39:25.042-05:00 DEBUG 246089 --- [gw] [nio-9090-exec-4] o.s.security.web.FilterChainProxy        : Securing GET /v1/facturas
2026-04-14T20:39:25.189-05:00 DEBUG 246089 --- [gw] [nio-9090-exec-4] o.s.s.a.dao.DaoAuthenticationProvider    : Authenticated user
2026-04-14T20:39:25.190-05:00 DEBUG 246089 --- [gw] [nio-9090-exec-4] o.s.s.w.a.www.BasicAuthenticationFilter  : Set SecurityContextHolder to UsernamePasswordAuthenticationToken [Principal=org.springframework.security.core.userdetails.User [Username=admin, Password=[PROTECTED], Enabled=true, AccountNonExpired=true, CredentialsNonExpired=true, AccountNonLocked=true, Granted Authorities=[ROLE_ADMIN]], Credentials=[PROTECTED], Authenticated=true, Details=WebAuthenticationDetails [RemoteIpAddress=0:0:0:0:0:0:0:1, SessionId=null], Granted Authorities=[ROLE_ADMIN]]
2026-04-14T20:39:25.192-05:00 DEBUG 246089 --- [gw] [nio-9090-exec-4] o.s.security.web.FilterChainProxy        : Secured GET /v1/facturas
2026-04-14T20:39:25.192-05:00 DEBUG 246089 --- [gw] [nio-9090-exec-4] o.s.web.servlet.DispatcherServlet        : GET "/v1/facturas", parameters={}
2026-04-14T20:39:25.194-05:00 DEBUG 246089 --- [gw] [nio-9090-exec-4] o.s.w.s.f.support.RouterFunctionMapping  : Mapped to org.springframework.web.servlet.function.HandlerFilterFunction$$Lambda/0x00007cfe1866c800@5c891080
2026-04-14T20:39:25.220-05:00 DEBUG 246089 --- [gw] [nio-9090-exec-4] o.s.web.servlet.DispatcherServlet        : Completed 200 OK
2026-04-14T20:39:32.090-05:00 DEBUG 246089 --- [gw] [nio-9090-exec-5] o.s.security.web.FilterChainProxy        : Securing GET /v1/facturas
2026-04-14T20:39:32.252-05:00 DEBUG 246089 --- [gw] [nio-9090-exec-5] o.s.s.a.dao.DaoAuthenticationProvider    : Authenticated user
2026-04-14T20:39:32.253-05:00 DEBUG 246089 --- [gw] [nio-9090-exec-5] o.s.s.w.a.www.BasicAuthenticationFilter  : Set SecurityContextHolder to UsernamePasswordAuthenticationToken [Principal=org.springframework.security.core.userdetails.User [Username=user, Password=[PROTECTED], Enabled=true, AccountNonExpired=true, CredentialsNonExpired=true, AccountNonLocked=true, Granted Authorities=[ROLE_USER]], Credentials=[PROTECTED], Authenticated=true, Details=WebAuthenticationDetails [RemoteIpAddress=0:0:0:0:0:0:0:1, SessionId=null], Granted Authorities=[ROLE_USER]]
2026-04-14T20:39:32.254-05:00 DEBUG 246089 --- [gw] [nio-9090-exec-5] o.s.security.web.FilterChainProxy        : Secured GET /v1/facturas
2026-04-14T20:39:32.255-05:00 DEBUG 246089 --- [gw] [nio-9090-exec-5] o.s.web.servlet.DispatcherServlet        : GET "/v1/facturas", parameters={}
2026-04-14T20:39:32.255-05:00 DEBUG 246089 --- [gw] [nio-9090-exec-5] o.s.w.s.f.support.RouterFunctionMapping  : Mapped to org.springframework.web.servlet.function.HandlerFilterFunction$$Lambda/0x00007cfe1866c800@3b319a39
2026-04-14T20:39:32.275-05:00 DEBUG 246089 --- [gw] [nio-9090-exec-5] o.s.web.servlet.DispatcherServlet        : Completed 200 OK
2026-04-14T20:39:39.893-05:00 DEBUG 246089 --- [gw] [nio-9090-exec-6] o.s.security.web.FilterChainProxy        : Securing GET /actuator/health
2026-04-14T20:39:39.898-05:00 DEBUG 246089 --- [gw] [nio-9090-exec-6] o.s.security.web.FilterChainProxy        : Secured GET /actuator/health
2026-04-14T20:39:39.898-05:00 DEBUG 246089 --- [gw] [nio-9090-exec-6] o.s.web.servlet.DispatcherServlet        : GET "/actuator/health", parameters={}
2026-04-14T20:39:39.913-05:00 DEBUG 246089 --- [gw] [nio-9090-exec-6] m.m.a.RequestResponseBodyMethodProcessor : Read "application/octet-stream" to []
2026-04-14T20:39:39.933-05:00 DEBUG 246089 --- [gw] [nio-9090-exec-6] o.s.w.s.m.m.a.HttpEntityMethodProcessor  : Using 'application/vnd.spring-boot.actuator.v3+json', given [*/*] and supported [application/vnd.spring-boot.actuator.v3+json, application/vnd.spring-boot.actuator.v2+json, application/json]
2026-04-14T20:39:39.997-05:00 DEBUG 246089 --- [gw] [nio-9090-exec-6] o.s.w.s.m.m.a.HttpEntityMethodProcessor  : Writing [org.springframework.boot.actuate.health.SystemHealth@43634b9f]
2026-04-14T20:39:40.034-05:00 DEBUG 246089 --- [gw] [nio-9090-exec-6] o.s.web.servlet.DispatcherServlet        : Completed 200 OK
2026-04-14T20:39:40.035-05:00 DEBUG 246089 --- [gw] [nio-9090-exec-6] o.s.s.w.a.AnonymousAuthenticationFilter  : Set SecurityContextHolder to anonymous SecurityContext
2026-04-14T20:39:40.047-05:00 DEBUG 246089 --- [gw] [nio-9090-exec-7] o.s.security.web.FilterChainProxy        : Securing GET /actuator/health
2026-04-14T20:39:40.050-05:00 DEBUG 246089 --- [gw] [nio-9090-exec-7] o.s.security.web.FilterChainProxy        : Secured GET /actuator/health
2026-04-14T20:39:40.050-05:00 DEBUG 246089 --- [gw] [nio-9090-exec-7] o.s.web.servlet.DispatcherServlet        : GET "/actuator/health", parameters={}
2026-04-14T20:39:40.052-05:00 DEBUG 246089 --- [gw] [nio-9090-exec-7] m.m.a.RequestResponseBodyMethodProcessor : Read "application/octet-stream" to []
2026-04-14T20:39:40.054-05:00 DEBUG 246089 --- [gw] [nio-9090-exec-7] o.s.w.s.m.m.a.HttpEntityMethodProcessor  : Using 'application/vnd.spring-boot.actuator.v3+json', given [*/*] and supported [application/vnd.spring-boot.actuator.v3+json, application/vnd.spring-boot.actuator.v2+json, application/json]
2026-04-14T20:39:40.054-05:00 DEBUG 246089 --- [gw] [nio-9090-exec-7] o.s.w.s.m.m.a.HttpEntityMethodProcessor  : Writing [org.springframework.boot.actuate.health.SystemHealth@62ef3d57]
2026-04-14T20:39:40.056-05:00 DEBUG 246089 --- [gw] [nio-9090-exec-7] o.s.web.servlet.DispatcherServlet        : Completed 200 OK
2026-04-14T20:39:40.056-05:00 DEBUG 246089 --- [gw] [nio-9090-exec-7] o.s.s.w.a.AnonymousAuthenticationFilter  : Set SecurityContextHolder to anonymous SecurityContext
2026-04-14T22:03:15.579-05:00  INFO 246089 --- [gw] [ionShutdownHook] o.s.b.w.e.tomcat.GracefulShutdown        : Commencing graceful shutdown. Waiting for active requests to complete
2026-04-14T22:03:15.584-05:00  INFO 246089 --- [gw] [tomcat-shutdown] o.s.b.w.e.tomcat.GracefulShutdown        : Graceful shutdown complete
